1) Queried (0.00365, 0.00864) to (0.00762, 0.00762) and received 16 result(s):
[(0.00368, 0.00789), (0.00368, 0.00842), (0.00421, 0.00789), (0.00421, 0.00842), (0.00474, 0.00789), (0.00474, 0.00842), (0.00526, 0.00789), (0.00526, 0.00842), (0.00579, 0.00789), (0.00579, 0.00842), (0.00632, 0.00789), (0.00632, 0.00842), (0.00684, 0.00789), (0.00684, 0.00842), (0.00737, 0.00789), (0.00737, 0.00842)]
2) Queried (0.00263, 0.00806) to (0.00806, 0.00548) and received 50 result(s):
[(0.00316, 0.00579), (0.00316, 0.00632), (0.00316, 0.00684), (0.00316, 0.00737), (0.00316, 0.00789), (0.00368, 0.00579), (0.00368, 0.00632), (0.00368, 0.00684), (0.00368, 0.00737), (0.00368, 0.00789), (0.00421, 0.00579), (0.00421, 0.00632), (0.00421, 0.00684), (0.00421, 0.00737), (0.00421, 0.00789), (0.00474, 0.00579), (0.00474, 0.00632), (0.00474, 0.00684), (0.00474, 0.00737), (0.00474, 0.00789), (0.00526, 0.00579), (0.00526, 0.00632), (0.00526, 0.00684), (0.00526, 0.00737), (0.00526, 0.00789), (0.00579, 0.00579), (0.00579, 0.00632), (0.00579, 0.00684), (0.00579, 0.00737), (0.00579, 0.00789), (0.00632, 0.00579), (0.00632, 0.00632), (0.00632, 0.00684), (0.00632, 0.00737), (0.00632, 0.00789), (0.00684, 0.00579), (0.00684, 0.00632), (0.00684, 0.00684), (0.00684, 0.00737), (0.00684, 0.00789), (0.00737, 0.00579), (0.00737, 0.00632), (0.00737, 0.00684), (0.00737, 0.00737), (0.00737, 0.00789), (0.00789, 0.00579), (0.00789, 0.00632), (0.00789, 0.00684), (0.00789, 0.00737), (0.00789, 0.00789)]
3) Queried (0.00590, 0.00990) to (0.00990, 0.00753) and received 28 result(s):
[(0.00632, 0.00789), (0.00632, 0.00842), (0.00632, 0.00895), (0.00632, 0.00947), (0.00684, 0.00789), (0.00684, 0.00842), (0.00684, 0.00895), (0.00684, 0.00947), (0.00737, 0.00789), (0.00737, 0.00842), (0.00737, 0.00895), (0.00737, 0.00947), (0.00789, 0.00789), (0.00789, 0.00842), (0.00789, 0.00895), (0.00789, 0.00947), (0.00842, 0.00789), (0.00842, 0.00842), (0.00842, 0.00895), (0.00842, 0.00947), (0.00895, 0.00789), (0.00895, 0.00842), (0.00895, 0.00895), (0.00895, 0.00947), (0.00947, 0.00789), (0.00947, 0.00842), (0.00947, 0.00895), (0.00947, 0.00947)]
4) Queried (0.00050, 0.00815) to (0.00815, 0.00094) and received 210 result(s):
[(0.00053, 0.00105), (0.00053, 0.00158), (0.00053, 0.00211), (0.00053, 0.00263), (0.00053, 0.00316), (0.00053, 0.00368), (0.00053, 0.00421), (0.00053, 0.00474), (0.00053, 0.00526), (0.00053, 0.00579), (0.00053, 0.00632), (0.00053, 0.00684), (0.00053, 0.00737), (0.00053, 0.00789), (0.00105, 0.00105), (0.00105, 0.00158), (0.00105, 0.00211), (0.00105, 0.00263), (0.00105, 0.00316), (0.00105, 0.00368), (0.00105, 0.00421), (0.00105, 0.00474), (0.00105, 0.00526), (0.00105, 0.00579), (0.00105, 0.00632), (0.00105, 0.00684), (0.00105, 0.00737), (0.00105, 0.00789), (0.00158, 0.00105), (0.00158, 0.00158), (0.00158, 0.00211), (0.00158, 0.00263), (0.00158, 0.00316), (0.00158, 0.00368), (0.00158, 0.00421), (0.00158, 0.00474), (0.00158, 0.00526), (0.00158, 0.00579), (0.00158, 0.00632), (0.00158, 0.00684), (0.00158, 0.00737), (0.00158, 0.00789), (0.00211, 0.00105), (0.00211, 0.00158), (0.00211, 0.00211), (0.00211, 0.00263), (0.00211, 0.00316), (0.00211, 0.00368), (0.00211, 0.00421), (0.00211, 0.00474), (0.00211, 0.00526), (0.00211, 0.00579), (0.00211, 0.00632), (0.00211, 0.00684), (0.00211, 0.00737), (0.00211, 0.00789), (0.00263, 0.00105), (0.00263, 0.00158), (0.00263, 0.00211), (0.00263, 0.00263), (0.00263, 0.00316), (0.00263, 0.00368), (0.00263, 0.00421), (0.00263, 0.00474), (0.00263, 0.00526), (0.00263, 0.00579), (0.00263, 0.00632), (0.00263, 0.00684), (0.00263, 0.00737), (0.00263, 0.00789), (0.00316, 0.00105), (0.00316, 0.00158), (0.00316, 0.00211), (0.00316, 0.00263), (0.00316, 0.00316), (0.00316, 0.00368), (0.00316, 0.00421), (0.00316, 0.00474), (0.00316, 0.00526), (0.00316, 0.00579), (0.00316, 0.00632), (0.00316, 0.00684), (0.00316, 0.00737), (0.00316, 0.00789), (0.00368, 0.00105), (0.00368, 0.00158), (0.00368, 0.00211), (0.00368, 0.00263), (0.00368, 0.00316), (0.00368, 0.00368), (0.00368, 0.00421), (0.00368, 0.00474), (0.00368, 0.00526), (0.00368, 0.00579), (0.00368, 0.00632), (0.00368, 0.00684), (0.00368, 0.00737), (0.00368, 0.00789), (0.00421, 0.00105), (0.00421, 0.00158), (0.00421, 0.00211), (0.00421, 0.00263), (0.00421, 0.00316), (0.00421, 0.00368), (0.00421, 0.00421), (0.00421, 0.00474), (0.00421, 0.00526), (0.00421, 0.00579), (0.00421, 0.00632), (0.00421, 0.00684), (0.00421, 0.00737), (0.00421, 0.00789), (0.00474, 0.00105), (0.00474, 0.00158), (0.00474, 0.00211), (0.00474, 0.00263), (0.00474, 0.00316), (0.00474, 0.00368), (0.00474, 0.00421), (0.00474, 0.00474), (0.00474, 0.00526), (0.00474, 0.00579), (0.00474, 0.00632), (0.00474, 0.00684), (0.00474, 0.00737), (0.00474, 0.00789), (0.00526, 0.00105), (0.00526, 0.00158), (0.00526, 0.00211), (0.00526, 0.00263), (0.00526, 0.00316), (0.00526, 0.00368), (0.00526, 0.00421), (0.00526, 0.00474), (0.00526, 0.00526), (0.00526, 0.00579), (0.00526, 0.00632), (0.00526, 0.00684), (0.00526, 0.00737), (0.00526, 0.00789), (0.00579, 0.00105), (0.00579, 0.00158), (0.00579, 0.00211), (0.00579, 0.00263), (0.00579, 0.00316), (0.00579, 0.00368), (0.00579, 0.00421), (0.00579, 0.00474), (0.00579, 0.00526), (0.00579, 0.00579), (0.00579, 0.00632), (0.00579, 0.00684), (0.00579, 0.00737), (0.00579, 0.00789), (0.00632, 0.00105), (0.00632, 0.00158), (0.00632, 0.00211), (0.00632, 0.00263), (0.00632, 0.00316), (0.00632, 0.00368), (0.00632, 0.00421), (0.00632, 0.00474), (0.00632, 0.00526), (0.00632, 0.00579), (0.00632, 0.00632), (0.00632, 0.00684), (0.00632, 0.00737), (0.00632, 0.00789), (0.00684, 0.00105), (0.00684, 0.00158), (0.00684, 0.00211), (0.00684, 0.00263), (0.00684, 0.00316), (0.00684, 0.00368), (0.00684, 0.00421), (0.00684, 0.00474), (0.00684, 0.00526), (0.00684, 0.00579), (0.00684, 0.00632), (0.00684, 0.00684), (0.00684, 0.00737), (0.00684, 0.00789), (0.00737, 0.00105), (0.00737, 0.00158), (0.00737, 0.00211), (0.00737, 0.00263), (0.00737, 0.00316), (0.00737, 0.00368), (0.00737, 0.00421), (0.00737, 0.00474), (0.00737, 0.00526), (0.00737, 0.00579), (0.00737, 0.00632), (0.00737, 0.00684), (0.00737, 0.00737), (0.00737, 0.00789), (0.00789, 0.00105), (0.00789, 0.00158), (0.00789, 0.00211), (0.00789, 0.00263), (0.00789, 0.00316), (0.00789, 0.00368), (0.00789, 0.00421), (0.00789, 0.00474), (0.00789, 0.00526), (0.00789, 0.00579), (0.00789, 0.00632), (0.00789, 0.00684), (0.00789, 0.00737), (0.00789, 0.00789)]
5) Queried (0.00606, 0.00873) to (0.00652, 0.00652) and received 4 result(s):
[(0.00632, 0.00684), (0.00632, 0.00737), (0.00632, 0.00789), (0.00632, 0.00842)]
6) Queried (0.00886, 0.00344) to (0.00999, 0.00310) and received 2 result(s):
[(0.00895, 0.00316), (0.00947, 0.00316)]
7) Queried (0.00312, 0.00728) to (0.00728, 0.00106) and received 88 result(s):
[(0.00316, 0.00158), (0.00316, 0.00211), (0.00316, 0.00263), (0.00316, 0.00316), (0.00316, 0.00368), (0.00316, 0.00421), (0.00316, 0.00474), (0.00316, 0.00526), (0.00316, 0.00579), (0.00316, 0.00632), (0.00316, 0.00684), (0.00368, 0.00158), (0.00368, 0.00211), (0.00368, 0.00263), (0.00368, 0.00316), (0.00368, 0.00368), (0.00368, 0.00421), (0.00368, 0.00474), (0.00368, 0.00526), (0.00368, 0.00579), (0.00368, 0.00632), (0.00368, 0.00684), (0.00421, 0.00158), (0.00421, 0.00211), (0.00421, 0.00263), (0.00421, 0.00316), (0.00421, 0.00368), (0.00421, 0.00421), (0.00421, 0.00474), (0.00421, 0.00526), (0.00421, 0.00579), (0.00421, 0.00632), (0.00421, 0.00684), (0.00474, 0.00158), (0.00474, 0.00211), (0.00474, 0.00263), (0.00474, 0.00316), (0.00474, 0.00368), (0.00474, 0.00421), (0.00474, 0.00474), (0.00474, 0.00526), (0.00474, 0.00579), (0.00474, 0.00632), (0.00474, 0.00684), (0.00526, 0.00158), (0.00526, 0.00211), (0.00526, 0.00263), (0.00526, 0.00316), (0.00526, 0.00368), (0.00526, 0.00421), (0.00526, 0.00474), (0.00526, 0.00526), (0.00526, 0.00579), (0.00526, 0.00632), (0.00526, 0.00684), (0.00579, 0.00158), (0.00579, 0.00211), (0.00579, 0.00263), (0.00579, 0.00316), (0.00579, 0.00368), (0.00579, 0.00421), (0.00579, 0.00474), (0.00579, 0.00526), (0.00579, 0.00579), (0.00579, 0.00632), (0.00579, 0.00684), (0.00632, 0.00158), (0.00632, 0.00211), (0.00632, 0.00263), (0.00632, 0.00316), (0.00632, 0.00368), (0.00632, 0.00421), (0.00632, 0.00474), (0.00632, 0.00526), (0.00632, 0.00579), (0.00632, 0.00632), (0.00632, 0.00684), (0.00684, 0.00158), (0.00684, 0.00211), (0.00684, 0.00263), (0.00684, 0.00316), (0.00684, 0.00368), (0.00684, 0.00421), (0.00684, 0.00474), (0.00684, 0.00526), (0.00684, 0.00579), (0.00684, 0.00632), (0.00684, 0.00684)]
8) Queried (0.00898, 0.00893) to (0.00898, 0.00033) and received 0 result(s):
[]
9) Queried (0.00074, 0.00723) to (0.00723, 0.00624) and received 24 result(s):
[(0.00105, 0.00632), (0.00105, 0.00684), (0.00158, 0.00632), (0.00158, 0.00684), (0.00211, 0.00632), (0.00211, 0.00684), (0.00263, 0.00632), (0.00263, 0.00684), (0.00316, 0.00632), (0.00316, 0.00684), (0.00368, 0.00632), (0.00368, 0.00684), (0.00421, 0.00632), (0.00421, 0.00684), (0.00474, 0.00632), (0.00474, 0.00684), (0.00526, 0.00632), (0.00526, 0.00684), (0.00579, 0.00632), (0.00579, 0.00684), (0.00632, 0.00632), (0.00632, 0.00684), (0.00684, 0.00632), (0.00684, 0.00684)]
10) Queried (0.00045, 0.00891) to (0.00891, 0.00888) and received 0 result(s):
[]