1) Queried (0.00000, 0.01000) to (0.00500, 0.00000) and received 2 result(s):
[(0.00100, 0.00100), (0.00300, 0.00300)]