1) Queried (-0.01000, 0.01000) to (0.01000, -0.01000) and received 1 result(s):
[(0.00000, 0.00000)]
